<?xml version="1.0" encoding="utf-8"?><testsuites name="pytest tests"><testsuite name="pytest" errors="0" failures="14" skipped="34" tests="76" time="6.315" timestamp="2025-09-23T02:27:33.572306-05:00" hostname="wei-ThinkPad-P1"><testcase classname="" name="tests.property.test_mathematical_properties" time="0.000"><skipped message="collection skipped">('/home/wei/Documents/GitHub/homodyne/tests/property/test_mathematical_properties.py', 33, 'Skipped: Hypothesis not available')</skipped></testcase><testcase classname="tests.api.test_compatibility.TestPublicAPIStability" name="test_main_package_imports" time="0.001" /><testcase classname="tests.api.test_compatibility.TestPublicAPIStability" name="test_core_api_functions" time="0.000"><skipped type="pytest.skip" message="Core functions not available: cannot import name 'compute_c2_model_jax' from 'homodyne.core.jax_backend' (/home/wei/Documents/GitHub/homodyne/homodyne/core/jax_backend.py)">/home/wei/Documents/GitHub/homodyne/tests/api/test_compatibility.py:66: Core functions not available: cannot import name 'compute_c2_model_jax' from 'homodyne.core.jax_backend' (/home/wei/Documents/GitHub/homodyne/homodyne/core/jax_backend.py)</skipped></testcase><testcase classname="tests.api.test_compatibility.TestPublicAPIStability" name="test_optimization_api_functions" time="0.000" /><testcase classname="tests.api.test_compatibility.TestPublicAPIStability" name="test_data_api_functions" time="0.000"><skipped type="pytest.skip" message="Data functions not available: cannot import name 'XPCSLoader' from 'homodyne.data.xpcs_loader' (/home/wei/Documents/GitHub/homodyne/homodyne/data/xpcs_loader.py)">/home/wei/Documents/GitHub/homodyne/tests/api/test_compatibility.py:108: Data functions not available: cannot import name 'XPCSLoader' from 'homodyne.data.xpcs_loader' (/home/wei/Documents/GitHub/homodyne/homodyne/data/xpcs_loader.py)</skipped></testcase><testcase classname="tests.api.test_compatibility.TestPublicAPIStability" name="test_config_api_functions" time="0.001"><failure message="AssertionError: ConfigManager missing method get_config&#10;assert False&#10; +  where False = hasattr(&lt;class 'homodyne.config.manager.ConfigManager'&gt;, 'get_config')">tests/api/test_compatibility.py:120: in test_config_api_functions
    assert hasattr(ConfigManager, method_name), \
E   AssertionError: ConfigManager missing method get_config
E   assert False
E    +  where False = hasattr(&lt;class 'homodyne.config.manager.ConfigManager'&gt;, 'get_config')</failure></testcase><testcase classname="tests.api.test_compatibility.TestPublicAPIStability" name="test_gpu_api_functions" time="0.000" /><testcase classname="tests.api.test_compatibility.TestFunctionSignatures" name="test_core_function_signatures" time="0.000"><skipped type="pytest.skip" message="Core functions not available">/home/wei/Documents/GitHub/homodyne/tests/api/test_compatibility.py:164: Core functions not available</skipped></testcase><testcase classname="tests.api.test_compatibility.TestFunctionSignatures" name="test_optimization_function_signatures" time="0.000" /><testcase classname="tests.api.test_compatibility.TestFunctionSignatures" name="test_data_loader_signatures" time="0.001"><failure message="AssertionError: load_xpcs_data should have config parameter&#10;assert 'config' in ['config_path']">tests/api/test_compatibility.py:190: in test_data_loader_signatures
    assert 'config' in params, "load_xpcs_data should have config parameter"
E   AssertionError: load_xpcs_data should have config parameter
E   assert 'config' in ['config_path']</failure></testcase><testcase classname="tests.api.test_compatibility.TestFunctionSignatures" name="test_gpu_function_signatures" time="0.000" /><testcase classname="tests.api.test_compatibility.TestReturnTypes" name="test_optimization_return_types" time="0.001"><skipped type="pytest.skip" message="JAXFit not available">/home/wei/Documents/GitHub/homodyne/tests/api/test_compatibility.py:224: JAXFit not available</skipped></testcase><testcase classname="tests.api.test_compatibility.TestReturnTypes" name="test_data_loader_return_types" time="0.001" /><testcase classname="tests.api.test_compatibility.TestReturnTypes" name="test_gpu_return_types" time="0.166" /><testcase classname="tests.api.test_compatibility.TestErrorHandling" name="test_optimization_error_handling" time="0.001"><failure message="ImportError: JAXFit is required for NLSQ optimization. Install with: pip install jaxfit">tests/api/test_compatibility.py:302: in test_optimization_error_handling
    fit_nlsq_jax(invalid_data, test_config)
homodyne/utils/logging.py:186: in wrapper
    result = func(*args, **kwargs)
             ^^^^^^^^^^^^^^^^^^^^^
homodyne/optimization/nlsq.py:141: in fit_nlsq_jax
    raise ImportError(
E   ImportError: JAXFit is required for NLSQ optimization. Install with: pip install jaxfit</failure></testcase><testcase classname="tests.api.test_compatibility.TestErrorHandling" name="test_data_loader_error_handling" time="0.001" /><testcase classname="tests.api.test_compatibility.TestErrorHandling" name="test_gpu_error_handling" time="0.039" /><testcase classname="tests.api.test_compatibility.TestDeprecationWarnings" name="test_no_unexpected_deprecation_warnings" time="0.000" /><testcase classname="tests.api.test_compatibility.TestDeprecationWarnings" name="test_backward_compatibility_imports" time="0.000"><failure message="Failed: Backward compatibility broken: from homodyne.core.jax_backend import compute_c2_model_jax">tests/api/test_compatibility.py:377: in test_backward_compatibility_imports
    exec(import_pattern)
&lt;string&gt;:1: in &lt;module&gt;
    ???
E   ImportError: cannot import name 'compute_c2_model_jax' from 'homodyne.core.jax_backend' (/home/wei/Documents/GitHub/homodyne/homodyne/core/jax_backend.py)

During handling of the above exception, another exception occurred:
tests/api/test_compatibility.py:381: in test_backward_compatibility_imports
    pytest.fail(f"Backward compatibility broken: {import_pattern}")
E   Failed: Backward compatibility broken: from homodyne.core.jax_backend import compute_c2_model_jax</failure></testcase><testcase classname="tests.api.test_compatibility.TestVersionCompatibility" name="test_version_info_available" time="0.000" /><testcase classname="tests.api.test_compatibility.TestVersionCompatibility" name="test_python_version_compatibility" time="0.000" /><testcase classname="tests.api.test_compatibility.TestVersionCompatibility" name="test_dependency_version_compatibility" time="0.000" /><testcase classname="tests.api.test_compatibility.TestVersionCompatibility" name="test_optional_dependency_handling" time="0.000" /><testcase classname="tests.api.test_compatibility.TestDocumentationCompatibility" name="test_basic_usage_example" time="0.001"><skipped type="pytest.skip" message="JAXFit not available">/home/wei/Documents/GitHub/homodyne/tests/api/test_compatibility.py:463: JAXFit not available</skipped></testcase><testcase classname="tests.api.test_compatibility.TestDocumentationCompatibility" name="test_gpu_usage_example" time="0.040" /><testcase classname="tests.gpu.test_gpu_validation.TestGPUActivation" name="test_gpu_status_detection" time="0.020" /><testcase classname="tests.gpu.test_gpu_validation.TestGPUActivation" name="test_gpu_activator_initialization" time="0.000" /><testcase classname="tests.gpu.test_gpu_validation.TestGPUActivation" name="test_gpu_activation_basic" time="0.022" /><testcase classname="tests.gpu.test_gpu_validation.TestGPUActivation" name="test_gpu_memory_configuration" time="0.061" /><testcase classname="tests.gpu.test_gpu_validation.TestGPUActivation" name="test_gpu_activation_error_handling" time="0.058" /><testcase classname="tests.gpu.test_gpu_validation.TestGPUActivation" name="test_gpu_deactivation" time="0.021" /><testcase classname="tests.gpu.test_gpu_validation.TestGPUPerformance" name="test_gpu_benchmark_execution" time="0.259" /><testcase classname="tests.gpu.test_gpu_validation.TestGPUPerformance" name="test_matrix_multiplication_performance" time="0.055" /><testcase classname="tests.gpu.test_gpu_validation.TestGPUPerformance" name="test_cpu_gpu_consistency" time="0.000"><skipped type="pytest.skip" message="JAX backend not available">/home/wei/Documents/GitHub/homodyne/tests/gpu/test_gpu_validation.py:251: JAX backend not available</skipped></testcase><testcase classname="tests.gpu.test_gpu_validation.TestGPUPerformance" name="test_memory_scaling_gpu" time="0.130" /><testcase classname="tests.gpu.test_gpu_validation.TestGPUPerformance" name="test_optimization_gpu_acceleration" time="0.001"><skipped type="pytest.skip" message="JAXFit not available">/home/wei/Documents/GitHub/homodyne/tests/gpu/test_gpu_validation.py:350: JAXFit not available</skipped></testcase><testcase classname="tests.gpu.test_gpu_validation.TestGPUFallback" name="test_graceful_fallback_no_gpu" time="0.019" /><testcase classname="tests.gpu.test_gpu_validation.TestGPUFallback" name="test_fallback_computation_consistency" time="0.001"><skipped type="pytest.skip" message="JAX backend not available">/home/wei/Documents/GitHub/homodyne/tests/gpu/test_gpu_validation.py:415: JAX backend not available</skipped></testcase><testcase classname="tests.gpu.test_gpu_validation.TestGPUFallback" name="test_error_handling_invalid_gpu_config" time="0.060"><failure message="Failed: DID NOT RAISE any of (&lt;class 'ValueError'&gt;, &lt;class 'TypeError'&gt;)">tests/gpu/test_gpu_validation.py:466: in test_error_handling_invalid_gpu_config
    with pytest.raises((ValueError, TypeError)):
E   Failed: DID NOT RAISE any of (&lt;class 'ValueError'&gt;, &lt;class 'TypeError'&gt;)</failure></testcase><testcase classname="tests.gpu.test_gpu_validation.TestGPUFallback" name="test_memory_management_cleanup" time="0.058" /><testcase classname="tests.gpu.test_gpu_validation.TestGPUIntegration" name="test_end_to_end_gpu_workflow" time="0.001"><skipped type="pytest.skip" message="Required modules not available">/home/wei/Documents/GitHub/homodyne/tests/gpu/test_gpu_validation.py:518: Required modules not available</skipped></testcase><testcase classname="tests.gpu.test_gpu_validation.TestGPUIntegration" name="test_gpu_vs_cpu_workflow_consistency" time="0.001"><skipped type="pytest.skip" message="JAXFit not available">/home/wei/Documents/GitHub/homodyne/tests/gpu/test_gpu_validation.py:602: JAXFit not available</skipped></testcase><testcase classname="tests.integration.test_workflows.TestEndToEndWorkflows" name="test_synthetic_data_complete_workflow" time="0.001"><skipped type="pytest.skip" message="Required modules not available: cannot import name 'XPCSLoader' from 'homodyne.data.xpcs_loader' (/home/wei/Documents/GitHub/homodyne/homodyne/data/xpcs_loader.py)">/home/wei/Documents/GitHub/homodyne/tests/integration/test_workflows.py:56: Required modules not available: cannot import name 'XPCSLoader' from 'homodyne.data.xpcs_loader' (/home/wei/Documents/GitHub/homodyne/homodyne/data/xpcs_loader.py)</skipped></testcase><testcase classname="tests.integration.test_workflows.TestEndToEndWorkflows" name="test_hdf5_data_workflow" time="0.001"><skipped type="pytest.skip" message="JAXFit not available">/home/wei/Documents/GitHub/homodyne/tests/integration/test_workflows.py:139: JAXFit not available</skipped></testcase><testcase classname="tests.integration.test_workflows.TestEndToEndWorkflows" name="test_yaml_config_workflow" time="0.001"><skipped type="pytest.skip" message="JAXFit not available">/home/wei/Documents/GitHub/homodyne/tests/integration/test_workflows.py:196: JAXFit not available</skipped></testcase><testcase classname="tests.integration.test_workflows.TestEndToEndWorkflows" name="test_multi_q_value_workflow" time="0.000"><skipped type="pytest.skip" message="Required modules not available: cannot import name 'compute_c2_model_jax' from 'homodyne.core.jax_backend' (/home/wei/Documents/GitHub/homodyne/homodyne/core/jax_backend.py)">/home/wei/Documents/GitHub/homodyne/tests/integration/test_workflows.py:255: Required modules not available: cannot import name 'compute_c2_model_jax' from 'homodyne.core.jax_backend' (/home/wei/Documents/GitHub/homodyne/homodyne/core/jax_backend.py)</skipped></testcase><testcase classname="tests.integration.test_workflows.TestEndToEndWorkflows" name="test_error_propagation_workflow" time="0.000"><skipped type="pytest.skip" message="JAXFit not available">/home/wei/Documents/GitHub/homodyne/tests/integration/test_workflows.py:319: JAXFit not available</skipped></testcase><testcase classname="tests.integration.test_workflows.TestModuleInteraction" name="test_config_manager_integration" time="0.001"><failure message="AttributeError: 'ConfigManager' object has no attribute 'get_config'. Did you mean: 'load_config'?">tests/integration/test_workflows.py:415: in test_config_manager_integration
    loaded_config = config_manager.get_config()
                    ^^^^^^^^^^^^^^^^^^^^^^^^^
E   AttributeError: 'ConfigManager' object has no attribute 'get_config'. Did you mean: 'load_config'?</failure></testcase><testcase classname="tests.integration.test_workflows.TestModuleInteraction" name="test_data_loader_optimization_integration" time="0.001"><skipped type="pytest.skip" message="Required modules not available">/home/wei/Documents/GitHub/homodyne/tests/integration/test_workflows.py:433: Required modules not available</skipped></testcase><testcase classname="tests.integration.test_workflows.TestModuleInteraction" name="test_backend_optimization_consistency" time="0.001"><skipped type="pytest.skip" message="Required modules not available">/home/wei/Documents/GitHub/homodyne/tests/integration/test_workflows.py:466: Required modules not available</skipped></testcase><testcase classname="tests.integration.test_workflows.TestCrossplatformCompatibility" name="test_path_handling_consistency" time="0.001"><failure message="AttributeError: 'ConfigManager' object has no attribute 'get_config'. Did you mean: 'load_config'?">tests/integration/test_workflows.py:543: in test_path_handling_consistency
    loaded_config = config_manager.get_config()
                    ^^^^^^^^^^^^^^^^^^^^^^^^^
E   AttributeError: 'ConfigManager' object has no attribute 'get_config'. Did you mean: 'load_config'?</failure></testcase><testcase classname="tests.integration.test_workflows.TestCrossplatformCompatibility" name="test_numerical_precision_consistency" time="0.000"><skipped type="pytest.skip" message="JAX backend not available">/home/wei/Documents/GitHub/homodyne/tests/integration/test_workflows.py:553: JAX backend not available</skipped></testcase><testcase classname="tests.integration.test_workflows.TestCrossplatformCompatibility" name="test_memory_behavior_consistency" time="0.001"><skipped type="pytest.skip" message="JAXFit not available">/home/wei/Documents/GitHub/homodyne/tests/integration/test_workflows.py:587: JAXFit not available</skipped></testcase><testcase classname="tests.mcmc.test_statistical_validation.TestMCMCConvergence" name="test_mcmc_module_availability" time="0.001" /><testcase classname="tests.mcmc.test_statistical_validation.TestMCMCConvergence" name="test_mcmc_basic_sampling" time="0.001"><skipped type="pytest.skip" message="MCMC sampling failed: assert False&#10; +  where False = hasattr(&lt;homodyne.optimization.mcmc.MCMCResult object at 0x73bfd101b800&gt;, 'samples')">/home/wei/Documents/GitHub/homodyne/tests/mcmc/test_statistical_validation.py:115: MCMC sampling failed: assert False
 +  where False = hasattr(&lt;homodyne.optimization.mcmc.MCMCResult object at 0x73bfd101b800&gt;, 'samples')</skipped></testcase><testcase classname="tests.mcmc.test_statistical_validation.TestMCMCConvergence" name="test_mcmc_parameter_recovery" time="0.001"><skipped type="pytest.skip" message="Required modules not available">/home/wei/Documents/GitHub/homodyne/tests/mcmc/test_statistical_validation.py:124: Required modules not available</skipped></testcase><testcase classname="tests.mcmc.test_statistical_validation.TestMCMCConvergence" name="test_mcmc_convergence_diagnostics" time="0.001"><skipped type="pytest.skip" message="MCMC convergence diagnostics failed: 'MCMCResult' object has no attribute 'samples'">/home/wei/Documents/GitHub/homodyne/tests/mcmc/test_statistical_validation.py:227: MCMC convergence diagnostics failed: 'MCMCResult' object has no attribute 'samples'</skipped></testcase><testcase classname="tests.mcmc.test_statistical_validation.TestMCMCConvergence" name="test_mcmc_with_arviz_diagnostics" time="0.001"><skipped type="pytest.skip" message="MCMC with ArviZ test failed: 'MCMCResult' object has no attribute 'samples'">/home/wei/Documents/GitHub/homodyne/tests/mcmc/test_statistical_validation.py:295: MCMC with ArviZ test failed: 'MCMCResult' object has no attribute 'samples'</skipped></testcase><testcase classname="tests.mcmc.test_statistical_validation.TestMCMCStatisticalProperties" name="test_posterior_distribution_properties" time="0.001"><skipped type="pytest.skip" message="Posterior distribution test failed: 'MCMCResult' object has no attribute 'samples'">/home/wei/Documents/GitHub/homodyne/tests/mcmc/test_statistical_validation.py:364: Posterior distribution test failed: 'MCMCResult' object has no attribute 'samples'</skipped></testcase><testcase classname="tests.mcmc.test_statistical_validation.TestMCMCStatisticalProperties" name="test_credible_intervals" time="0.001"><skipped type="pytest.skip" message="Required modules not available">/home/wei/Documents/GitHub/homodyne/tests/mcmc/test_statistical_validation.py:372: Required modules not available</skipped></testcase><testcase classname="tests.mcmc.test_statistical_validation.TestMCMCStatisticalProperties" name="test_mcmc_reproducibility" time="0.001"><skipped type="pytest.skip" message="MCMC reproducibility test failed: fit_mcmc_jax() missing 1 required positional argument: 'data'">/home/wei/Documents/GitHub/homodyne/tests/mcmc/test_statistical_validation.py:493: MCMC reproducibility test failed: fit_mcmc_jax() missing 1 required positional argument: 'data'</skipped></testcase><testcase classname="tests.mcmc.test_statistical_validation.TestMCMCStatisticalProperties" name="test_mcmc_chain_mixing" time="0.001"><skipped type="pytest.skip" message="Chain mixing test failed: 'MCMCResult' object has no attribute 'samples'">/home/wei/Documents/GitHub/homodyne/tests/mcmc/test_statistical_validation.py:552: Chain mixing test failed: 'MCMCResult' object has no attribute 'samples'</skipped></testcase><testcase classname="tests.mcmc.test_statistical_validation.TestMCMCEdgeCases" name="test_mcmc_high_noise_data" time="0.001"><skipped type="pytest.skip" message="Required modules not available">/home/wei/Documents/GitHub/homodyne/tests/mcmc/test_statistical_validation.py:565: Required modules not available</skipped></testcase><testcase classname="tests.mcmc.test_statistical_validation.TestMCMCEdgeCases" name="test_mcmc_low_contrast_data" time="0.001"><skipped type="pytest.skip" message="Required modules not available">/home/wei/Documents/GitHub/homodyne/tests/mcmc/test_statistical_validation.py:606: Required modules not available</skipped></testcase><testcase classname="tests.mcmc.test_statistical_validation.TestMCMCEdgeCases" name="test_mcmc_small_dataset" time="0.001"><skipped type="pytest.skip" message="Required modules not available">/home/wei/Documents/GitHub/homodyne/tests/mcmc/test_statistical_validation.py:646: Required modules not available</skipped></testcase><testcase classname="tests.performance.test_benchmarks.TestComputationalBenchmarks" name="test_g1_diffusion_benchmark" time="0.001"><failure message="ImportError: cannot import name 'compute_g1_diffusion_jax' from 'homodyne.core.jax_backend' (/home/wei/Documents/GitHub/homodyne/homodyne/core/jax_backend.py)">tests/performance/test_benchmarks.py:44: in test_g1_diffusion_benchmark
    from homodyne.core.jax_backend import compute_g1_diffusion_jax
E   ImportError: cannot import name 'compute_g1_diffusion_jax' from 'homodyne.core.jax_backend' (/home/wei/Documents/GitHub/homodyne/homodyne/core/jax_backend.py)</failure></testcase><testcase classname="tests.performance.test_benchmarks.TestComputationalBenchmarks" name="test_c2_model_benchmark" time="0.001"><failure message="ImportError: cannot import name 'compute_c2_model_jax' from 'homodyne.core.jax_backend' (/home/wei/Documents/GitHub/homodyne/homodyne/core/jax_backend.py)">tests/performance/test_benchmarks.py:101: in test_c2_model_benchmark
    from homodyne.core.jax_backend import compute_c2_model_jax
E   ImportError: cannot import name 'compute_c2_model_jax' from 'homodyne.core.jax_backend' (/home/wei/Documents/GitHub/homodyne/homodyne/core/jax_backend.py)</failure></testcase><testcase classname="tests.performance.test_benchmarks.TestComputationalBenchmarks" name="test_optimization_benchmark" time="0.001"><skipped type="pytest.skip" message="JAXFit not available">/home/wei/Documents/GitHub/homodyne/tests/performance/test_benchmarks.py:165: JAXFit not available</skipped></testcase><testcase classname="tests.performance.test_benchmarks.TestComputationalBenchmarks" name="test_memory_usage_benchmark" time="0.000"><failure message="ImportError: cannot import name 'compute_c2_model_jax' from 'homodyne.core.jax_backend' (/home/wei/Documents/GitHub/homodyne/homodyne/core/jax_backend.py)">tests/performance/test_benchmarks.py:214: in test_memory_usage_benchmark
    from homodyne.core.jax_backend import compute_c2_model_jax
E   ImportError: cannot import name 'compute_c2_model_jax' from 'homodyne.core.jax_backend' (/home/wei/Documents/GitHub/homodyne/homodyne/core/jax_backend.py)</failure></testcase><testcase classname="tests.performance.test_benchmarks.TestDataLoadingBenchmarks" name="test_synthetic_data_generation_benchmark" time="0.003" /><testcase classname="tests.performance.test_benchmarks.TestDataLoadingBenchmarks" name="test_config_loading_benchmark" time="0.001"><skipped type="pytest.skip" message="Config loading module not available">/home/wei/Documents/GitHub/homodyne/tests/performance/test_benchmarks.py:328: Config loading module not available</skipped></testcase><testcase classname="tests.performance.test_benchmarks.TestScalingBenchmarks" name="test_jax_compilation_overhead" time="0.001"><failure message="ImportError: cannot import name 'compute_g1_diffusion_jax' from 'homodyne.core.jax_backend' (/home/wei/Documents/GitHub/homodyne/homodyne/core/jax_backend.py)">tests/performance/test_benchmarks.py:383: in test_jax_compilation_overhead
    from homodyne.core.jax_backend import compute_g1_diffusion_jax
E   ImportError: cannot import name 'compute_g1_diffusion_jax' from 'homodyne.core.jax_backend' (/home/wei/Documents/GitHub/homodyne/homodyne/core/jax_backend.py)</failure></testcase><testcase classname="tests.performance.test_benchmarks.TestScalingBenchmarks" name="test_vectorization_scaling" time="0.000"><failure message="ImportError: cannot import name 'compute_c2_model_jax' from 'homodyne.core.jax_backend' (/home/wei/Documents/GitHub/homodyne/homodyne/core/jax_backend.py)">tests/performance/test_benchmarks.py:420: in test_vectorization_scaling
    from homodyne.core.jax_backend import compute_c2_model_jax
E   ImportError: cannot import name 'compute_c2_model_jax' from 'homodyne.core.jax_backend' (/home/wei/Documents/GitHub/homodyne/homodyne/core/jax_backend.py)</failure></testcase><testcase classname="tests.performance.test_benchmarks.TestScalingBenchmarks" name="test_memory_scaling_behavior" time="0.000"><failure message="ImportError: cannot import name 'compute_c2_model_jax' from 'homodyne.core.jax_backend' (/home/wei/Documents/GitHub/homodyne/homodyne/core/jax_backend.py)">tests/performance/test_benchmarks.py:484: in test_memory_scaling_behavior
    from homodyne.core.jax_backend import compute_c2_model_jax
E   ImportError: cannot import name 'compute_c2_model_jax' from 'homodyne.core.jax_backend' (/home/wei/Documents/GitHub/homodyne/homodyne/core/jax_backend.py)</failure></testcase><testcase classname="tests.performance.test_benchmarks.TestRegressionBenchmarks" name="test_baseline_performance_regression" time="0.001"><failure message="ImportError: cannot import name 'compute_c2_model_jax' from 'homodyne.core.jax_backend' (/home/wei/Documents/GitHub/homodyne/homodyne/core/jax_backend.py)">tests/performance/test_benchmarks.py:550: in test_baseline_performance_regression
    from homodyne.core.jax_backend import compute_c2_model_jax
E   ImportError: cannot import name 'compute_c2_model_jax' from 'homodyne.core.jax_backend' (/home/wei/Documents/GitHub/homodyne/homodyne/core/jax_backend.py)</failure></testcase><testcase classname="tests.performance.test_benchmarks.TestRegressionBenchmarks" name="test_optimization_performance_regression" time="0.001"><skipped type="pytest.skip" message="JAXFit not available">/home/wei/Documents/GitHub/homodyne/tests/performance/test_benchmarks.py:601: JAXFit not available</skipped></testcase></testsuite></testsuites>